\BOOKMARK [1][-]{section.1}{\376\377\133\236\232\214\151\202\217\360}{}% 1
\BOOKMARK [2][-]{subsection.1.1}{\376\377\133\236\232\214\166\356\150\007}{section.1}% 2
\BOOKMARK [2][-]{subsection.1.2}{\376\377\127\372\170\100\152\041\127\213\117\341\140\157}{section.1}% 3
\BOOKMARK [2][-]{subsection.1.3}{\376\377\000Q\000L\000o\000R\000A\000\040\221\115\177\156}{section.1}% 4
\BOOKMARK [2][-]{subsection.1.4}{\376\377\170\154\116\366\116\016\217\157\116\366\163\257\130\203}{section.1}% 5
\BOOKMARK [2][-]{subsection.1.5}{\376\377\213\255\176\303\145\160\143\156}{section.1}% 6
\BOOKMARK [2][-]{subsection.1.6}{\376\377\213\255\176\303\215\205\123\302\145\160}{section.1}% 7
\BOOKMARK [1][-]{section.2}{\376\377\213\255\176\303\217\307\172\013\116\016\121\163\225\056\142\200\147\057\225\356\230\230}{}% 8
\BOOKMARK [2][-]{subsection.2.1}{\376\377\173\054\116\000\226\066\153\265\377\032\122\035\131\313\213\255\176\303\377\010\000S\000t\000e\000p\000\040\0000\000\040\000\040\0002\000,\0008\0008\0000\377\011}{section.2}% 9
\BOOKMARK [2][-]{subsection.2.2}{\376\377\173\054\116\214\226\066\153\265\377\032\140\142\131\015\134\035\213\325\131\061\215\045\377\010\131\032\153\041\377\014\155\152\215\071\000\040\0001\0002\000\040\134\017\145\366\377\011}{section.2}% 10
\BOOKMARK [2][-]{subsection.2.3}{\376\377\121\155\116\052\121\163\225\056\000\040\000B\000u\000g\000\040\166\204\123\321\163\260\116\016\117\356\131\015}{section.2}% 11
\BOOKMARK [2][-]{subsection.2.4}{\376\377\173\054\116\011\226\066\153\265\377\032\142\020\122\237\140\142\131\015\136\166\133\214\142\020\213\255\176\303\377\010\000S\000t\000e\000p\000\040\0002\000,\0008\0008\0005\000\040\000\040\0006\000,\0005\0006\0007\377\011}{section.2}% 12
\BOOKMARK [1][-]{section.3}{\376\377\213\255\176\303\143\137\131\061\122\006\147\220}{}% 13
\BOOKMARK [2][-]{subsection.3.1}{\376\377\143\011\000\040\000E\000p\000o\000c\000h\000\040\176\337\213\241\213\255\176\303\143\137\131\061}{section.3}% 14
\BOOKMARK [2][-]{subsection.3.2}{\376\377\143\011\000\040\0005\0000\0000\000\040\153\145\172\227\123\343\176\337\213\241\213\255\176\303\143\137\131\061}{section.3}% 15
\BOOKMARK [2][-]{subsection.3.3}{\376\377\232\214\213\301\226\306\000\040\000L\000o\000s\000s\000\040\215\213\122\277}{section.3}% 16
\BOOKMARK [1][-]{section.4}{\376\377\213\304\117\060\176\323\147\234\377\010\126\360\140\321\136\246\377\011}{}% 17
\BOOKMARK [2][-]{subsection.4.1}{\376\377\136\217\122\027\225\177\136\246\000\040\0002\0000\0004\0008\377\014\0001\0007\0005\000\040\116\052\232\214\213\301\150\067\147\054}{section.4}% 18
\BOOKMARK [2][-]{subsection.4.2}{\376\377\136\217\122\027\225\177\136\246\000\040\0005\0001\0002\377\014\0001\0000\0000\000\040\116\052\232\214\213\301\150\067\147\054}{section.4}% 19
\BOOKMARK [2][-]{subsection.4.3}{\376\377\116\244\123\311\232\214\213\301\154\107\140\073}{section.4}% 20
\BOOKMARK [1][-]{section.5}{\376\377\217\307\142\337\124\010\122\006\147\220}{}% 21
\BOOKMARK [2][-]{subsection.5.1}{\376\377\147\000\117\030\150\300\147\345\160\271\124\016\232\214\213\301\000\040\000L\000o\000s\000s\000\040\122\243\123\026}{section.5}% 22
\BOOKMARK [2][-]{subsection.5.2}{\376\377\150\071\126\340\224\376\122\006\147\220}{section.5}% 23
\BOOKMARK [2][-]{subsection.5.3}{\376\377\124\016\176\355\145\071\217\333\136\372\213\256}{section.5}% 24
\BOOKMARK [1][-]{section.6}{\376\377\232\214\213\301\145\160\143\156\215\050\221\317\122\006\147\220\377\010\150\067\147\054\000\040\0002\0005\040\023\0004\0009\377\011}{}% 25
\BOOKMARK [2][-]{subsection.6.1}{\376\377\225\356\230\230\123\321\163\260}{section.6}% 26
\BOOKMARK [2][-]{subsection.6.2}{\376\377\155\113\213\325\145\271\154\325}{section.6}% 27
\BOOKMARK [2][-]{subsection.6.3}{\376\377\122\006\174\173\176\323\147\234}{section.6}% 28
\BOOKMARK [2][-]{subsection.6.4}{\376\377\147\000\135\356\150\067\147\054\377\032\232\214\213\301\175\042\137\025\000\040\0004\0007}{section.6}% 29
\BOOKMARK [2][-]{subsection.6.5}{\376\377\213\304\117\060\143\002\215\167\166\204\150\071\126\340}{section.6}% 30
\BOOKMARK [2][-]{subsection.6.6}{\376\377\133\371\213\304\117\060\176\323\147\234\166\204\137\161\124\315}{section.6}% 31
\BOOKMARK [1][-]{section.7}{\376\377\217\223\121\372\145\207\116\366\156\005\123\125}{}% 32
\BOOKMARK [1][-]{section.8}{\376\377\121\163\225\056\176\323\213\272}{}% 33
\BOOKMARK [2][-]{subsection.8.1}{\376\377\000Q\000L\000o\000R\000A\000\040\137\256\214\003\127\050\155\210\215\071\176\247\170\154\116\366\116\012\122\007\133\236\147\011\145\110}{section.8}% 34
\BOOKMARK [2][-]{subsection.8.2}{\376\377\147\000\117\030\150\300\147\345\160\271\116\015\146\057\147\000\176\310\152\041\127\213\040\024\040\024\122\007\122\377\215\363\217\307\150\300\147\345\160\271\117\335\133\130}{section.8}% 35
\BOOKMARK [2][-]{subsection.8.3}{\376\377\133\371\116\216\000\040\0001\0000\000M\000\040\000t\000o\000k\000e\000n\000s\000\040\166\204\116\023\165\050\145\160\143\156\377\014\0003\000\040\116\052\000\040\000e\000p\000o\000c\000h\000\040\217\307\131\032}{section.8}% 36
\BOOKMARK [2][-]{subsection.8.4}{\376\377\145\160\143\156\215\050\221\317\116\016\142\200\147\057\147\266\147\204\124\014\173\111\221\315\211\201}{section.8}% 37
\BOOKMARK [2][-]{subsection.8.5}{\376\377\173\241\220\123\133\214\121\150\123\357\131\015\163\260\116\024\145\207\150\143\123\026}{section.8}% 38
\BOOKMARK [1][-]{section.9}{\376\377\116\011\226\066\153\265\230\171\166\356\140\073\176\323}{}% 39
